// Jest Snapshot v1, https://goo.gl/fbAQLP

exports[`renders half way state 1`] = `ShallowWrapper {}`;

exports[`renders initial state 1`] = `ShallowWrapper {}`;

exports[`renders times up state 1`] = `ShallowWrapper {}`;
